../Core/Src/main.c:73:5:main	8	static
../Core/Src/main.c:133:6:SystemClock_Config	72	static
../Core/Src/main.c:171:13:MX_IWDG_Init	8	static
../Core/Src/main.c:199:13:MX_TIM2_Init	32	static
../Core/Src/main.c:244:13:MX_GPIO_Init	32	static
../Core/Src/main.c:267:6:HAL_TIM_PeriodElapsedCallback	16	static
../Core/Src/main.c:271:6:Blinking_LED0	8	static
../Core/Src/main.c:274:6:Blinking_LED1	8	static
../Core/Src/main.c:277:6:Blinking_LED2	8	static
../Core/Src/main.c:280:6:Blinking_LED3	8	static
../Core/Src/main.c:283:6:Blinking_LED4	8	static
../Core/Src/main.c:286:6:goSleep	8	static
../Core/Src/main.c:297:6:Error_Handler	4	static,ignoring_inline_asm
