../Core/Src/main.c:82:5:main	8	static
../Core/Src/main.c:157:6:SystemClock_Config	72	static
../Core/Src/main.c:195:13:MX_IWDG_Init	8	static
../Core/Src/main.c:223:13:MX_TIM2_Init	32	static
../Core/Src/main.c:268:13:MX_USART1_UART_Init	8	static
../Core/Src/main.c:301:13:MX_GPIO_Init	32	static
../Core/Src/main.c:324:6:HAL_TIM_PeriodElapsedCallback	16	static
../Core/Src/main.c:329:6:Blinking_LED0	8	static
../Core/Src/main.c:332:6:Blinking_LED1	8	static
../Core/Src/main.c:335:6:Blinking_LED2	8	static
../Core/Src/main.c:338:6:Blinking_LED3	8	static
../Core/Src/main.c:341:6:Blinking_LED4	8	static
../Core/Src/main.c:344:6:UART_Report_Status	24	static
../Core/Src/main.c:361:6:UART_Report_Timestamp	8	static
../Core/Src/main.c:373:6:Error_Handler	4	static,ignoring_inline_asm
