../Core/Src/scheduler.c:24:9:getTaskId	16	static
../Core/Src/scheduler.c:32:6:SCH_Init	16	static
../Core/Src/scheduler.c:46:6:SCH_Update	16	static
../Core/Src/scheduler.c:64:9:Create_Task	32	static
../Core/Src/scheduler.c:84:9:Enqueue_Task	24	static
../Core/Src/scheduler.c:123:9:SCH_Add_Task	24	static
../Core/Src/scheduler.c:127:9:SCH_Dispatch_Tasks	16	static
../Core/Src/scheduler.c:149:9:SCH_Delete_Task	24	static
../Core/Src/scheduler.c:181:6:SCH_Sleep	8	static
../Core/Src/scheduler.c:190:9:SCH_Report_Status	16	static
